2026-08-03 00:38:04,152 - INFO - Mock get_api_token called
2026-08-03 00:39:34,287 - INFO - Mock create_user called
2026-08-03 00:39:46,256 - INFO - Mock login_user called
2026-08-03 00:40:08,261 - INFO - Mock login_user called
2026-08-03 00:42:21,546 - INFO - Mock get_api_token called
2026-08-03 00:42:44,376 - INFO - Mock login_user called
2026-08-03 00:51:08,587 - ERROR - Exception in callback _ProactorBasePipeTransport._call_connection_lost(None)
handle: <Handle _ProactorBasePipeTransport._call_connection_lost(None)>
Traceback (most recent call last):
  File "C:\Users\hg232\AppData\Local\Programs\Python\Python311\Lib\asyncio\events.py", line 84, in _run
    self._context.run(self._callback, *self._args)
  File "C:\Users\hg232\AppData\Local\Programs\Python\Python311\Lib\asyncio\proactor_events.py", line 165, in _call_connection_lost
    self._sock.shutdown(socket.SHUT_RDWR)
ConnectionResetError: [WinError 10054] An existing connection was forcibly closed by the remote host
2026-08-03 00:51:14,211 - INFO - Mock get_api_token called
2026-08-03 00:51:38,293 - INFO - Mock login_user called
2026-08-03 03:08:23,580 - INFO - Mock get_api_token called
2026-08-03 03:08:35,325 - INFO - Mock login_user called
2026-08-03 03:20:19,746 - INFO - Mock get_api_token called
2026-08-03 03:20:34,776 - INFO - Mock login_user called
2026-08-03 15:30:49,451 - INFO - Mock get_api_token called
2026-08-03 15:31:08,628 - INFO - Mock login_user called
2026-08-03 18:19:08,892 - INFO - Mock get_api_token called
2026-08-03 18:19:14,445 - INFO - Mock get_api_token called
2026-08-03 18:19:37,034 - INFO - Mock get_api_token called
2026-08-03 18:19:56,003 - INFO - Calling real create_user
2026-08-03 18:20:29,351 - INFO - Calling real create_user
2026-08-03 18:20:31,607 - INFO - Calling real create_user
2026-08-03 18:20:32,528 - INFO - Calling real create_user
2026-08-03 18:21:00,553 - INFO - Calling real create_user
2026-08-03 18:21:01,903 - INFO - Mock get_api_token called
2026-08-03 18:21:22,588 - INFO - Calling real create_user
2026-08-03 18:27:39,967 - INFO - Mock get_api_token called
2026-08-03 18:27:55,686 - INFO - Calling real create_user
2026-08-03 18:28:27,640 - INFO - Calling real login_user
2026-08-03 18:37:08,927 - INFO - Calling real login_user
2026-08-03 18:37:43,927 - INFO - Calling real login_user
2026-08-03 18:54:43,676 - INFO - Mock get_api_token called
2026-08-03 18:55:35,275 - INFO - Mock get_api_token called
2026-08-03 18:55:57,994 - INFO - Calling real login_user
2026-08-03 19:10:11,587 - INFO - Mock get_api_token called
2026-08-03 19:10:24,922 - INFO - Calling real login_user
2026-08-03 19:15:41,190 - INFO - Mock get_api_token called
2026-08-03 19:15:50,612 - INFO - Calling real login_user
2026-08-03 19:17:47,680 - INFO - Mock get_api_token called
2026-08-03 19:18:14,882 - INFO - Calling real login_user
2026-08-03 20:26:18,584 - INFO - Mock get_api_token called
2026-08-03 21:28:11,750 - INFO - Mock get_api_token called
2026-08-03 21:28:11,754 - INFO - Calling real login_user
2026-08-03 23:52:24,963 - INFO - Mock get_api_token called
2026-08-03 23:52:37,720 - INFO - Mock get_api_token called
2026-08-03 23:53:01,785 - INFO - Calling real login_user
2026-08-03 23:53:24,155 - INFO - Mock get_api_token called
2026-08-03 23:53:50,413 - INFO - Calling real login_user
2026-08-03 23:54:27,501 - INFO - Mock get_api_token called
2026-08-03 23:54:43,875 - INFO - Calling real create_user
2026-08-03 23:54:50,112 - INFO - Calling real login_user
2026-08-04 00:01:47,257 - INFO - Mock get_api_token called
2026-08-04 00:01:56,287 - INFO - Calling real login_user
2026-08-04 00:05:03,438 - INFO - Mock get_api_token called
2026-08-04 00:05:18,884 - INFO - Calling real login_user
2026-08-04 00:10:28,128 - ERROR - Exception in callback _ProactorBasePipeTransport._call_connection_lost(None)
handle: <Handle _ProactorBasePipeTransport._call_connection_lost(None)>
Traceback (most recent call last):
  File "C:\Users\hg232\AppData\Local\Programs\Python\Python311\Lib\asyncio\events.py", line 84, in _run
    self._context.run(self._callback, *self._args)
  File "C:\Users\hg232\AppData\Local\Programs\Python\Python311\Lib\asyncio\proactor_events.py", line 165, in _call_connection_lost
    self._sock.shutdown(socket.SHUT_RDWR)
ConnectionResetError: [WinError 10054] An existing connection was forcibly closed by the remote host
